// Jest Snapshot v1, https://goo.gl/fbAQLP

exports[`the AddButton component renders correctly 1`] = `
<WithStyles(Button)
  color="primary"
  onClick={[MockFunction]}
  style={
    Object {
      "marginLeft": 40,
      "marginTop": 20,
    }
  }
  variant="fab"
>
  <pure(Add) />
</WithStyles(Button)>
`;
