// Jest Snapshot v1, https://goo.gl/fbAQLP

exports[`the SelectPriority component renders correctly 1`] = `
<div
  style={
    Object {
      "display": "flex",
      "flexDirection": "column",
    }
  }
>
  <WithStyles(InputLabel)
    style={
      Object {
        "fontSize": 12,
      }
    }
  >
    Priority
  </WithStyles(InputLabel)>
  <WithStyles(Select)
    autoWidth={false}
    onChange={[MockFunction]}
    value="High"
  >
    <WithStyles(MenuItem)
      key="High"
      value="High"
    >
      High
    </WithStyles(MenuItem)>
    <WithStyles(MenuItem)
      key="Medium"
      value="Medium"
    >
      Medium
    </WithStyles(MenuItem)>
    <WithStyles(MenuItem)
      key="Low"
      value="Low"
    >
      Low
    </WithStyles(MenuItem)>
  </WithStyles(Select)>
</div>
`;
