// Jest Snapshot v1, https://goo.gl/fbAQLP

exports[`TodoRow renders correctly 1`] = `
<div
  style={
    Object {
      "width": "80%",
    }
  }
>
  <ListItem
    autoGenerateNestedIndicator={true}
    containerElement="span"
    disableKeyboardFocus={false}
    disabled={false}
    initiallyOpen={false}
    insetChildren={false}
    leftCheckbox={
      <Checkbox
        checked={false}
        disabled={false}
        labelPosition="right"
      />
    }
    nestedItems={Array []}
    nestedLevel={0}
    onKeyboardFocus={[Function]}
    onMouseEnter={[Function]}
    onMouseLeave={[Function]}
    onNestedListToggle={[Function]}
    onTouchEnd={[Function]}
    onTouchStart={[Function]}
    open={null}
    primaryTogglesNestedList={false}
    rightIconButton={
      <IconButton
        disableTouchRipple={false}
        disabled={false}
        iconStyle={Object {}}
        tooltipPosition="bottom-center"
        touch={false}
      >
        <pure(Delete) />
      </IconButton>
    }
    secondaryTextLines={1}
    style={Object {}}
  />
</div>
`;
